Run test case (1 or 2): 
Running test case 1
Enter initial hour: 
Enter initial minute: 
Runtime error: Invalid time
