Run test case (1 or 2): 
Running test case 2
Enter a time: 
You entered "10:asdf"
Runtime error: Invalid time
