Run test case (1 or 2): 
Running test case 1
Reading matrix
Enter the number of rows and columns: 
Enter the elements of the matrix: 
Unable to read matrix: Invalid matrix element
