Pushing: 1 2 3 4 5 
Popping: 5 4 3 2 1 
Pushing: Apple Banana Grapefruit Kiwi Pear 
Popping: Pear Kiwi Grapefruit Banana Apple 
