Pushing: 1 2 3 4 5 
Popping: 1 2 3 4 5 
Pushing: Apple Banana Grapefruit Kiwi Pear 
Popping: Apple Banana Grapefruit Kiwi Pear 
